d:\other game mods\repo\true\painsoundsfix\painsoundsfix\x64\debug\painsoundsfix.pch
d:\other game mods\repo\true\painsoundsfix\painsoundsfix\x64\debug\vc143.pdb
d:\other game mods\repo\true\painsoundsfix\painsoundsfix\x64\debug\vc143.idb
d:\other game mods\repo\true\painsoundsfix\painsoundsfix\x64\debug\pch.obj
d:\other game mods\repo\true\painsoundsfix\painsoundsfix\x64\debug\dllmain.obj
d:\other game mods\repo\true\painsoundsfix\painsoundsfix\x64\debug\umvc3utils.obj
e:\ultimate marvel vs. capcom 3\scripts\painsoundsfix.asi
e:\ultimate marvel vs. capcom 3\scripts\painsoundsfix.pdb
d:\other game mods\repo\true\painsoundsfix\painsoundsfix\x64\debug\painsoundsfix.ilk
e:\ultimate marvel vs. capcom 3\scripts\painsoundsfix.lib
d:\other game mods\repo\true\painsoundsfix\painsoundsfix\x64\debug\painsoundsfix.tlog\cl.command.1.tlog
d:\other game mods\repo\true\painsoundsfix\painsoundsfix\x64\debug\painsoundsfix.tlog\cl.items.tlog
d:\other game mods\repo\true\painsoundsfix\painsoundsfix\x64\debug\painsoundsfix.tlog\cl.read.1.tlog
d:\other game mods\repo\true\painsoundsfix\painsoundsfix\x64\debug\painsoundsfix.tlog\cl.write.1.tlog
d:\other game mods\repo\true\painsoundsfix\painsoundsfix\x64\debug\painsoundsfix.tlog\clang-cl.command.1.tlog
d:\other game mods\repo\true\painsoundsfix\painsoundsfix\x64\debug\painsoundsfix.tlog\clang-cl.read.1.tlog
d:\other game mods\repo\true\painsoundsfix\painsoundsfix\x64\debug\painsoundsfix.tlog\clang-cl.write.1.tlog
d:\other game mods\repo\true\painsoundsfix\painsoundsfix\x64\debug\painsoundsfix.tlog\link.command.1.tlog
d:\other game mods\repo\true\painsoundsfix\painsoundsfix\x64\debug\painsoundsfix.tlog\link.read.1.tlog
d:\other game mods\repo\true\painsoundsfix\painsoundsfix\x64\debug\painsoundsfix.tlog\link.secondary.1.tlog
d:\other game mods\repo\true\painsoundsfix\painsoundsfix\x64\debug\painsoundsfix.tlog\link.write.1.tlog
d:\other game mods\repo\true\painsoundsfix\painsoundsfix\x64\debug\painsoundsfix.tlog\lld-link.command.1.tlog
d:\other game mods\repo\true\painsoundsfix\painsoundsfix\x64\debug\painsoundsfix.tlog\lld-link.read.1.tlog
d:\other game mods\repo\true\painsoundsfix\painsoundsfix\x64\debug\painsoundsfix.tlog\lld-link.secondary.1.tlog
d:\other game mods\repo\true\painsoundsfix\painsoundsfix\x64\debug\painsoundsfix.tlog\lld-link.write.1.tlog
